<<<<<<< HEAD
[2026-05-13T00:00:00Z] [INIT:5204160405358537] KRONOS 360 PVA - INICIO CADENA CUSTODIA - Folio maestro 5204160405358537 - Perito kronosproyecto@hotmail.com - Genesis 41a3683bbf83296eeb45da9b0e0ea5a7c095e78b493772e79520a92dbc39f4c3
[2026-05-13T00:00:01Z] [MANIFIESTO:5204160405358537] primer_manifiesto.txt generado - polaridad 51%_HUMANO:41a3683bbf83296eeb45da9b|49%_IA:0e0ea5a7c095e78b493772e79520a92dbc39f4c3 - SHA256: 41a3683bbf83296eeb45da9b0e0ea5a7c095e78b493772e79520a92dbc39f4c3
[2026-05-13T00:00:02Z] [SELLO:5204160405358537] sello_kronos.json creado - SELLO:KRONOS-TRACE-PVA-5204160405358537 - FOLIO:5204160405358537|PERITO:kronosproyecto@hotmail.com|GENESIS:41a3683bbf83296eeb45da9b0e0ea5a7c095e78b493772e79520a92dbc39f4c3
[2026-05-13T00:00:03Z] [QR:5204160405358537] qr_folio_5204160405358537.png generado - data: https://kronos-legado.digital/v/5204160405358537 - verifica.fdv.mx/folio/5204160405358537 - API /api/verifica/5204160405358537
[2026-05-13T00:00:04Z] [BLOCKCHAIN:5204160405358537] TX enviada Sepolia - TX:0x8ca8e84e1258abac9acb29d14d25114e4775d782ecfda51ae29933247ed2970e - hash: 41a3683bbf83296eeb45da9b0e0ea5a7c095e78b493772e79520a92dbc39f4c3 - perito: kronosproyecto@hotmail.com
[2026-05-13T00:00:05Z] [BLOCKCHAIN:5204160405358537] TX confirmada bloque  - Etherscan: https://sepolia.etherscan.io/tx/0x8ca8e84e1258abac9acb29d14d25114e4775d782ecfda51ae29933247ed2970e - fecha cierta NOM-151 Art.8 OK
[2026-05-13T00:00:06Z] [SAFE:5204160405358537] SafeCreative registro 2607146379465 - folio 5204160405358537 - genesis 41a3683bbf83296eeb45da9b0e0ea5a7c095e78b493772e79520a92dbc39f4c3 - perito kronosproyecto@hotmail.com
[2026-05-13T00:00:07Z] [PDF:5204160405358537] dictamen_PVA_5204160405358537.pdf generado - reportlab A4 - QR incrustado - metadata autor:kronosproyecto@hotmail.com title:Dictamen PVA 5204160405358537 - sello KRONOS-TRACE-PVA-5204160405358537
[2026-05-13T00:00:08Z] [AUDIT:5204160405358537] AUDITORIA_ISO_NOM_PVA_5204160405358537.md generada - ISO 27001 A5.9 A5.17 A8.3 A8.24 A8.26 A8.28 - NOM-151 Art.8,10,38 - eIDAS sello avanzado
[2026-05-13T00:00:09Z] [WEB3:5204160405358537] web3_auth.js - login perito kronosproyecto@hotmail.com - account 0xPerito... - firma personal_sign FOLIO:5204160405358537|PERITO:kronosproyecto@hotmail.com|GENESIS:41a3683b... - A5.17 OK
[2026-05-13T00:00:10Z] [ORACLE:5204160405358537] oracle.js - regex validado - FOLIO:5204160405358537 OK - GENESIS:41a3683bbf83296eeb45da9b0e0ea5a7c095e78b493772e79520a92dbc39f4c3 OK - SELLO:KRONOS-TRACE-PVA-5204160405358537 OK - TX:0x8ca8e84e... OK - SAFE:2607146379465 OK - confianza 4/4
[2026-05-13T00:00:11Z] [FRONT:5204160405358537] app.js cargado - verificaFolio(5204160405358537) - resultado valido:true txValida:true - DOM scan folio maestro encontrado - NOM-151 OK
[2026-05-13T00:00:12Z] [MARKET:5204160405358537] marketplace.html - Nivel 1 $49 PDF+QR - Nivel 3 $199 PACK PERICIAL - checkout Stripe test_pva_5204160405358537_pro - perito autenticado - folio maestro vendido
[2026-05-13T00:00:13Z] [VERIFICA:5204160405358537] API https://api.kronos-legado.digital/v1/api/verifica/5204160405358537 - response 200 - genesis 41a3683bbf83296eeb45da9b0e0ea5a7c095e78b493772e79520a92dbc39f4c3 - sello KRONOS-TRACE-PVA-5204160405358537 - valido true
[2026-05-13T00:00:14Z] [CONSERVA:5204160405358537] NOM-151 Art.10 - conservación 10 años - audit/cadena_custodia.log - audit/sello_kronos.json - audit/primer_manifiesto.txt - private_keys/ en .gitignore + KMS - integridad SHA256
[2026-05-13T00:00:15Z] [PERITO:5204160405358537] Dictamen final - Perito Marco Antonio Rojas Valdovinos - kronosproyecto@hotmail.com - Folio 5204160405358537 - Sello KRONOS-TRACE-PVA-5204160405358537 - Conclusion: folio autentico, trazable, fecha cierta blockchain, 51/49 innegociable - listo para MP/SAT/Tribunal
[2026-09-04T12:00:00Z] [CURRENT:5204160405358537] Estado actual verificado por oracle.js - folio 5204160405358537 activo - TX 0x8ca8e84e1258abac9acb29d14d25114e4775d782ecfda51ae29933247ed2970e confirmada - QR https://kronos-legado.digital/v/5204160405358537 - sello_kronos.json presente - dictamen 10/10 - marketplace $49/$199 operativo
=======
2026-09-04T07:52:05|Registro SafeCreative 2607146379465 verificado|HASH=eecbe5b78f8ff49c14e3c2aaac16fd36251397f21f6aec4e21cddf369ea80820|PREV=0000000000000000000000000000000000000000000000000000000000000000
2026-09-04T07:52:05|Hash SHA256 Génesis cargado|HASH=33b41e109c88984754eecd9bd6a4e67357a2ec8a446e957845b53ecf4711890d|PREV=eecbe5b78f8ff49c14e3c2aaac16fd36251397f21f6aec4e21cddf369ea80820
2026-09-04T07:52:05|Motor PVA iniciado (51% Humano / 49% IA)|HASH=5ca335ddf57e087585b534c1a84934507170f158c4632e022fcb9005a6dac355|PREV=33b41e109c88984754eecd9bd6a4e67357a2ec8a446e957845b53ecf4711890d
2026-09-04T07:52:05|Sello KRONOS-TRACE generado|HASH=0be7339252031b1ecc33ef8b9f4d87a93e24b9429b448207fc3c0dfff9aef8aa|PREV=5ca335ddf57e087585b534c1a84934507170f158c4632e022fcb9005a6dac355
2026-09-04T07:52:05|Manifiesto derivado sellado|HASH=acbdcf7a9ef781724d9a143319dc8c8431a45831bd48e624ab081fd722afa92c|PREV=0be7339252031b1ecc33ef8b9f4d87a93e24b9429b448207fc3c0dfff9aef8aa
2026-09-04T07:52:05|Auditoría ISO/NOM completada|HASH=f54b440d7d4b2690edc492ca0f08a00270539d06d25a79aeb2c8da2d3915ef70|PREV=acbdcf7a9ef781724d9a143319dc8c8431a45831bd48e624ab081fd722afa92c
>>>>>>> 14ee8a8 (feat: implementación PVA 10/10 - peritaje digital con NOM-151 y ISO 27001)
2026-09-04T10:52:08.668016+00:00|ENJAMBRE|Auto-Sanación: Estado ausente. Regenerando desde Génesis.|FOLIO=5204160405358537|HASH=7fb87dd4f3e66dbf3b444a7608ad2c0b78ebaa776180d4cdc8e7c4f2099c1114
2026-09-04T10:52:08.668875+00:00|CUSTODIO|Blockchain OK. Registro SafeCreative OK.|FOLIO=5204160405358537|HASH=ca116f0ae867de5f1cd3531ad693aadd5ae6b6cd4f2107abe54de9acaa0a68a6
2026-09-04T10:52:08.669034+00:00|ESCRIBA|Manifiesto KRONOS-TRACE-5204160405358537-2f21c9c6bfbcfd42 - Regla 51/49|FOLIO=5204160405358537|HASH=0b18d3ad1f0921a3c0d730769a55796a5b80519b541c2d84d10655a58c4efc08
2026-09-04T10:52:08.669133+00:00|VIGILANTE|ALERTA: POSIBLE COPIA|FOLIO=5204160405358537|HASH=91beba27d8f0a9b6f13cdab7aef48b669298da7c6dee0ce69b5b93beb6018ab3
2026-09-04T10:52:08.669504+00:00|ENJAMBRE|Expediente listo para PSC (NOM-151). Hash: 29d7f810626e2561...|FOLIO=5204160405358537|HASH=4e7a1cb8147a90a221f64bcdc49aa2d7971638ca80c6b49c7604007e2cb3720f
2026-09-04T10:54:30.192332+00:00|CUSTODIO|Blockchain OK. Registro SafeCreative OK.|FOLIO=5204160405358537|HASH=d49d01cbb03708e87a7c706f22fa296dfa1b5698d3261433898970eb2046164c
2026-09-04T10:54:30.192534+00:00|ESCRIBA|Manifiesto KRONOS-TRACE-5204160405358537-0b1f6915d66ba294 - Regla 51/49|FOLIO=5204160405358537|HASH=1052c33510b9281ec2f6831ccc61669fc2227af9ba552b9f171ae22e8b3896d7
2026-09-04T10:54:30.192624+00:00|VIGILANTE|ALERTA: POSIBLE COPIA|FOLIO=5204160405358537|HASH=b50f641ad317f0bcadfbf03fae72882bd9971ebbd6aabd6834dd1711ac6bc235
2026-09-04T10:54:30.193018+00:00|ENJAMBRE|Expediente listo para PSC (NOM-151). Hash: 182601aae65bbd77...|FOLIO=5204160405358537|HASH=1206487d25fe1d0f396b467f432f28f63934dae54ac9bd839c895ba1dcffb3dd
2026-09-04T10:55:07.402595+00:00|CUSTODIO|Blockchain OK. Registro SafeCreative OK.|FOLIO=5204160405358537|HASH=e0a00e3403b7fb3dbdc6d4c63df3b8724c3db2c0ffbae8ce1ce14813eda52806
2026-09-04T10:55:07.402806+00:00|ESCRIBA|Manifiesto KRONOS-TRACE-5204160405358537-b572ed0ec85d645f - Regla 51/49|FOLIO=5204160405358537|HASH=920599b5100ecb3c52a0971372909e6341cc98a795e844da36d17877f5843980
2026-09-04T10:55:07.402951+00:00|VIGILANTE|ALERTA: POSIBLE COPIA|FOLIO=5204160405358537|HASH=d7ba02bb437c1ce5afac844034d56142673920b34c9dd03df3c5fcac40a4d3f9
2026-09-04T10:55:07.403427+00:00|ENJAMBRE|Expediente listo para PSC (NOM-151). Hash: 379b287b4efebd39...|FOLIO=5204160405358537|HASH=c44f9c588ad818988825a6e49ee7e43cadd77085deefda814ab6266a7d683878
2026-09-04T10:59:35.089648+00:00|CUSTODIO|Blockchain OK. Registro SafeCreative OK.|FOLIO=5204160405358537|HASH=cb88f95165861c256f6bf86eccfe3f5b8b95e73b3a1bbf7611d92a27c5cb72b6
2026-09-04T10:59:35.090175+00:00|ESCRIBA|Manifiesto KRONOS-TRACE-5204160405358537-7e8a21d4c2fde510 - Regla 51/49|FOLIO=5204160405358537|HASH=bcbf6d1b39482d84330d50e55b390c68a19eb2a827c19c1eb1d1d03f4516397d
2026-09-04T10:59:35.090287+00:00|VIGILANTE|ALERTA: POSIBLE COPIA|FOLIO=5204160405358537|HASH=db8d5e87c4c42e2a43242a635d7866b2d15f928810362c1de6dbebb12d667d05
2026-09-04T10:59:35.090827+00:00|ENJAMBRE|Expediente listo para PSC (NOM-151). Hash: fee8c44d618744cd...|FOLIO=5204160405358537|HASH=d9a527d461c3d70b33933fa6beb5c60134659b9aa7cd4bc5e03029f12aaa6c95
2026-09-04T11:00:05.784005+00:00|CUSTODIO|Blockchain OK. Registro SafeCreative OK.|FOLIO=5204160405358537|HASH=80297be843f09ad176ee642276b6ed460b5176f06d94fb268f8bb3a919b4128a
2026-09-04T11:00:05.784330+00:00|ESCRIBA|Manifiesto KRONOS-TRACE-5204160405358537-277945e0deb87fe4 - Regla 51/49|FOLIO=5204160405358537|HASH=fe6337ac98afc917ed84ccd465d4e1177bd577c5ad825b0a4dc6e90b1d6a4f50
2026-09-04T11:00:05.784566+00:00|VIGILANTE|ALERTA: POSIBLE COPIA|FOLIO=5204160405358537|HASH=de8659c5a92e307b432709d4005742f3386dd492e6909a268c0b4e54f83675de
2026-09-04T11:00:05.785193+00:00|ENJAMBRE|Expediente listo para PSC (NOM-151). Hash: 1af3a3bdcabef8f2...|FOLIO=5204160405358537|HASH=43f21747aab07a29e64c4909017f416a09db355683acbf207f4ccc4f3b3aa464
2026-09-04T11:03:01.161220+00:00|CUSTODIO|Blockchain OK. Registro SafeCreative OK.|FOLIO=5204160405358537|HASH=1995773e7a58a5c9b64878c4bbf31887c8f11bcaf1b4ec72a9c7bb9aa4abaf0b
2026-09-04T11:03:01.161785+00:00|ESCRIBA|Manifiesto KRONOS-TRACE-5204160405358537-824e0e8ba2edb3c1 - Regla 51/49|FOLIO=5204160405358537|HASH=56cee1ab2a85b3f695c73a036763161d911816d2109fef7c7014d6e00454dcc9
2026-09-04T11:03:01.161923+00:00|VIGILANTE|ALERTA: POSIBLE COPIA|FOLIO=5204160405358537|HASH=1da927ac4dafc09909c6ad1ed7f50c7854bed9000a26d4029e4219b6e4a23459
2026-09-04T11:03:01.162774+00:00|ENJAMBRE|Expediente listo para PSC (NOM-151). Hash: 16c22c01ec96fb87...|FOLIO=5204160405358537|HASH=e8ab7ac2958f45f6df2ec64a4b8036ab177b85e72125abf8c1f858c0fe2bd3ab
2026-09-04T11:08:01.163335+00:00|CUSTODIO|Blockchain OK. Registro SafeCreative OK.|FOLIO=5204160405358537|HASH=58ce85932bbf2f99d436a0e2275576d5842addc8d0324261e7a19d73ae20e818
2026-09-04T11:08:01.163540+00:00|ESCRIBA|Manifiesto KRONOS-TRACE-5204160405358537-2df5df7ca9ce1e01 - Regla 51/49|FOLIO=5204160405358537|HASH=7c18c579658e3d4db5744b79dc61a603e6d976b9139393d50482bf332e35a476
2026-09-04T11:08:01.163635+00:00|VIGILANTE|ALERTA: POSIBLE COPIA|FOLIO=5204160405358537|HASH=fe23dfbc4af6e84900457204d31353a8199348bfb808eb1e48c6052375cd7b0b
2026-09-04T11:08:01.164136+00:00|ENJAMBRE|Expediente listo para PSC (NOM-151). Hash: b5cf8882fd7f7698...|FOLIO=5204160405358537|HASH=448e7bd84b9fc0dc4ab35a3f64f7917f3a9a95055d6de9eae6ef4e27b15e278c
2026-09-04T11:13:01.164663+00:00|CUSTODIO|Blockchain OK. Registro SafeCreative OK.|FOLIO=5204160405358537|HASH=bda6ea25c1949cd0bc08afd47c9d79ab394a3c16ef6f01256f59000b6ed69289
2026-09-04T11:13:01.164903+00:00|ESCRIBA|Manifiesto KRONOS-TRACE-5204160405358537-f55f66ad06fd9665 - Regla 51/49|FOLIO=5204160405358537|HASH=b974bb1c59d2bf569533025d02dd022006d534c405932ac374b5f6f3b2a2d6f2
2026-09-04T11:13:01.165039+00:00|VIGILANTE|ALERTA: POSIBLE COPIA|FOLIO=5204160405358537|HASH=4368abc348653c9aaa8b75e1ad9cedd953752a44013231081d24105079cfa9c6
2026-09-04T11:13:01.165766+00:00|ENJAMBRE|Expediente listo para PSC (NOM-151). Hash: 8946323e83832a7d...|FOLIO=5204160405358537|HASH=2fa0c34f99339f160c2b6282e31969e442ff50fe9815117808bd03e8b46a1656
2026-09-04T11:18:01.166293+00:00|CUSTODIO|Blockchain OK. Registro SafeCreative OK.|FOLIO=5204160405358537|HASH=09ca3589a05a316990d67baa5c88a36f7a8d1416e4c04853d529c7a980177dd2
2026-09-04T11:18:01.166490+00:00|ESCRIBA|Manifiesto KRONOS-TRACE-5204160405358537-c436fa579d097501 - Regla 51/49|FOLIO=5204160405358537|HASH=f931e20e763cb4049885718bc54463616c19bf50c614250fbef3c591c81dfcd0
2026-09-04T11:18:01.166578+00:00|VIGILANTE|ALERTA: POSIBLE COPIA|FOLIO=5204160405358537|HASH=8c8afd2173c213d153b09129ed8dc3b97ce8de99161876dd4ab7e10ed4cc0a18
2026-09-04T11:18:01.167014+00:00|ENJAMBRE|Expediente listo para PSC (NOM-151). Hash: d431f44fdfaf7058...|FOLIO=5204160405358537|HASH=a2f32543310377c65f8c7db106bac9f461e89ba9161001f08a1dfa0d8994e007
2026-09-04T11:23:01.167445+00:00|CUSTODIO|Blockchain OK. Registro SafeCreative OK.|FOLIO=5204160405358537|HASH=c91a01411797c8da3701b5cce6237bb580dec2a5bf080346fe4cf46666507303
2026-09-04T11:23:01.167660+00:00|ESCRIBA|Manifiesto KRONOS-TRACE-5204160405358537-9b3cdb09d09c42eb - Regla 51/49|FOLIO=5204160405358537|HASH=56cad0628e4a8edb5b3c86a1ef479afa0c406bef61d7cfc2ed673cedd5b16678
2026-09-04T11:23:01.167904+00:00|VIGILANTE|ALERTA: POSIBLE COPIA|FOLIO=5204160405358537|HASH=31e57b49b606d041f2c25f2ceca4095c6a1ba2db5c2b95e37b392a0dc4b9cc91
2026-09-04T11:23:01.168641+00:00|ENJAMBRE|Expediente listo para PSC (NOM-151). Hash: 86e4df279c90b681...|FOLIO=5204160405358537|HASH=7f6fc486c6b524c3775d6790ea7752a137c39071965bc3cf57d2e53c59f59169
2026-09-04T11:28:01.169127+00:00|CUSTODIO|Blockchain OK. Registro SafeCreative OK.|FOLIO=5204160405358537|HASH=2ce097e7a9cd84ae0874e855c589e7dbfacb2b2187a8dde17696e662bf2bfc04
2026-09-04T11:28:01.169302+00:00|ESCRIBA|Manifiesto KRONOS-TRACE-5204160405358537-91a0d71b11f1ca4f - Regla 51/49|FOLIO=5204160405358537|HASH=11766e2c2b6fcfb2d133b8462121b2dad2bb675c548e00dc602391ddd511b821
2026-09-04T11:28:01.169384+00:00|VIGILANTE|ALERTA: POSIBLE COPIA|FOLIO=5204160405358537|HASH=885823923fbf2c82f6b0bef90ac9d0ca39cd7e7396aea32903d8c74ce4c4f1e2
2026-09-04T11:28:01.169760+00:00|ENJAMBRE|Expediente listo para PSC (NOM-151). Hash: 21e91c44a6ef7b06...|FOLIO=5204160405358537|HASH=909da3db211bbe9592e61dc3dd8998c19d0ffafb2ae752d96a31c17f8832741f
2026-09-04T11:33:01.170163+00:00|CUSTODIO|Blockchain OK. Registro SafeCreative OK.|FOLIO=5204160405358537|HASH=9ae0e2f0abe6ee3fb2506bff5ac6c90e9aac415a0a0ff88535f3503ded572948
2026-09-04T11:33:01.170363+00:00|ESCRIBA|Manifiesto KRONOS-TRACE-5204160405358537-10df2e78cfed95eb - Regla 51/49|FOLIO=5204160405358537|HASH=f693657c4502f111f43882817408a61783850d45ce5a04d36db2f4db014f27f6
2026-09-04T11:33:01.170454+00:00|VIGILANTE|ALERTA: POSIBLE COPIA|FOLIO=5204160405358537|HASH=581f9f3a34745bfb37758d3779253a1ce2809d16c3091a1c9b12592f2db9af37
2026-09-04T11:33:01.171913+00:00|ENJAMBRE|Expediente listo para PSC (NOM-151). Hash: e6d28de320cf72e2...|FOLIO=5204160405358537|HASH=efa21c005cb844f8182aac6980895147551b3d822743861d7d069d604f9a5259
2026-09-04T13:24:56.575104+00:00|CUSTODIO|Blockchain OK. Registro SafeCreative OK.|FOLIO=5204160405358537|HASH=b2568dd91b1ea5d44730ef89d0505b688068a9250fef1562574f7945839c3c38
2026-09-04T13:24:56.575428+00:00|ESCRIBA|Manifiesto KRONOS-TRACE-5204160405358537-f45e3bf6be2de183 - Regla 51/49|FOLIO=5204160405358537|HASH=abfbbe87b3e0afd04c9a6fd835db1d28fb3ec17abde338e3c3f40414613dd327
2026-09-04T13:24:56.575512+00:00|VIGILANTE|ALERTA: POSIBLE COPIA|FOLIO=5204160405358537|HASH=e4b0a77900b2ecf9c24e36569b064ae26b255e4f1a6d0bf582c77d9d2ab80416
2026-09-04T13:24:56.576169+00:00|ENJAMBRE|Expediente listo para PSC (NOM-151). Hash: bbd407d2957e71f8...|FOLIO=5204160405358537|HASH=baa8db4c2272295f6feb59cbe686d961f1aaafa51f799153012baa868188e11b
2026-09-04T13:29:38.777492+00:00|CUSTODIO|Blockchain OK. Registro SafeCreative OK.|FOLIO=5204160405358537|HASH=72eaecd23edd3adcd55f35c5fb6ceedacfb5616214656b7138958593e06433a4
2026-09-04T13:29:38.777747+00:00|ESCRIBA|Manifiesto KRONOS-TRACE-5204160405358537-80446b4e8ca94e4f - Regla 51/49|FOLIO=5204160405358537|HASH=fdaf63032b09bef6cbfd95c01c9d809a7968bc91484cee62c0e76021ccc3763d
2026-09-04T13:29:38.777872+00:00|VIGILANTE|ALERTA: POSIBLE COPIA|FOLIO=5204160405358537|HASH=2549cb02e5e2ca24028df5c7110fd74b90a6df36d3839a613769a25228d38627
2026-09-04T13:29:38.778651+00:00|ENJAMBRE|Expediente listo para PSC (NOM-151). Hash: 064b99f48369b676...|FOLIO=5204160405358537|HASH=d25122b0a0bd2457d039a9248529015d2eda171f60b38af1417e7542f4ab73c3
2026-09-04T13:29:47.325577+00:00|CUSTODIO|Blockchain OK. Registro SafeCreative OK.|FOLIO=5204160405358537|HASH=39d5a44e2e51fde7c28816e0d5ae9cc12a0c645c83460dc602ea85cac026d871
2026-09-04T13:29:47.326456+00:00|ESCRIBA|Manifiesto KRONOS-TRACE-5204160405358537-841573ffbefc1398 - Regla 51/49|FOLIO=5204160405358537|HASH=e3083f66aea67daf51870f2741dae96c1d3d1a16c132406cc6b5a4e61597fcd0
2026-09-04T13:29:47.326909+00:00|ENJAMBRE|Expediente listo para PSC (NOM-151). Hash: 0a420ecc8873b579...|FOLIO=5204160405358537|HASH=d6e027abba90421f8c7fa904b4cf4c94dd1b64ee5d704bf1a42482289ccd9630
2026-09-04T13:31:33.144453+00:00|CUSTODIO|Blockchain OK. Registro SafeCreative OK.|FOLIO=5204160405358537|HASH=0ba9f1fd82426a3c94ace7a4ff2bfcb997fea38bed525cbce2b2402f1bb9253c
2026-09-04T13:31:33.144625+00:00|ESCRIBA|Manifiesto KRONOS-TRACE-5204160405358537-6c09e960308b629f - Regla 51/49|FOLIO=5204160405358537|HASH=57cf78530825f86f697dc6d92004c7c40c23dcc6c3bf2a402699f931a6f8fdf5
2026-09-04T13:31:33.145047+00:00|ENJAMBRE|Expediente listo para PSC (NOM-151). Hash: f8511e904d614d58...|FOLIO=5204160405358537|HASH=428c1018e39beead9c1914b050be5a63e2360f91357a843c433d15b9d99fdefc
2026-09-04T13:32:48.839636+00:00|CUSTODIO|Blockchain OK. Registro SafeCreative OK.|FOLIO=5204160405358537|HASH=49dcbe81b70a0b7d31a8713e67938e01d91a361992a3a76d3f84c967c3cfd8eb
2026-09-04T13:32:48.840052+00:00|ESCRIBA|Manifiesto KRONOS-TRACE-5204160405358537-fc3a15cad3d5a43c - Regla 51/49|FOLIO=5204160405358537|HASH=d635d067ef230754e6bb29644167c769b0cdcde4732e102a97af4c37b57b141e
2026-09-04T13:32:48.840954+00:00|ENJAMBRE|Expediente listo para PSC (NOM-151). Hash: 7c5c456225aecc20...|FOLIO=5204160405358537|HASH=7690de76991077c19e12d36f72d2d6412804837d76aa537dccf4a4b83eddb850
2026-09-04T13:32:55.990989+00:00|CUSTODIO|Blockchain OK. Registro SafeCreative OK.|FOLIO=5204160405358537|HASH=7abf62db5988c4f25bf757a179f51c3ee070a140b38a6a58e07f211d0754ad49
2026-09-04T13:32:55.991147+00:00|ESCRIBA|Manifiesto KRONOS-TRACE-5204160405358537-5630dd918fe9f986 - Regla 51/49|FOLIO=5204160405358537|HASH=4d28ac05d861b24a8edd804d74dfb31bd142b94052445387be5af6bdc9fd7d94
2026-09-04T13:32:55.991590+00:00|ENJAMBRE|Expediente listo para PSC (NOM-151). Hash: 3872f2ad5380f7c9...|FOLIO=5204160405358537|HASH=d5c2f8b03deed988cc8ea764a6e2d9c6dee6bbd9a0265816d9333e1efbdb478c
2026-09-04T13:33:35.195210+00:00|CUSTODIO|Blockchain OK. Registro SafeCreative OK.|FOLIO=5204160405358537|HASH=bd08ad0d74075c6af6d143ff56946e1f589c7c2c15243be302221d6b3bc2f152
2026-09-04T13:33:35.195430+00:00|ESCRIBA|Manifiesto KRONOS-TRACE-5204160405358537-d32e38a7eb32a939 - Regla 51/49|FOLIO=5204160405358537|HASH=58dfbe107c4dc0aaca77f162233c6123a293204972de3f927034b212e0f3f06b
2026-09-04T13:33:35.195943+00:00|ENJAMBRE|Expediente listo para PSC (NOM-151). Hash: 769377842890bce8...|FOLIO=5204160405358537|HASH=a739d43eef6d507b098280bf4a55f551a8d083749dfa29707ca8bd7b52cd3b31
2026-09-04T13:35:16.362118+00:00|CUSTODIO|Blockchain OK. Registro SafeCreative OK.|FOLIO=5204160405358537|HASH=9b8ab2ac9ab1d6cc0231b10c1a55de7c6f3987fbfb1f9766e7389f37d28348f2
2026-09-04T13:35:16.362276+00:00|ESCRIBA|Manifiesto KRONOS-TRACE-5204160405358537-7173e946723e3815 - Regla 51/49|FOLIO=5204160405358537|HASH=b4454b088903507efd9b40786673e5d554c06db1c8f718bfcadea0cb09d7f522
2026-09-04T13:35:16.362451+00:00|NOTARIO|Expediente sellado con código 3327|FOLIO=5204160405358537|HASH=c79db3a2d9370d8fa874e912ab50225249699d9f4fa45b808df7ba0a3d974327
2026-09-04T13:35:16.362583+00:00|DEFENSOR|Anti-scraping OK - Hash KRONOS-T...|FOLIO=5204160405358537|HASH=56811221adefa0b28d0d517008f97f6a8855f9e48f370d7b37fad224e9337308
2026-09-04T13:35:16.362692+00:00|JUEZ|Ciclo 1 - ALERTA: Regla del 8 no cumple|FOLIO=5204160405358537|HASH=6556c531f282a62032b7e924c192507308b5ea6d3ef6fba51c096dd731ad3ebb
2026-09-04T13:35:16.363123+00:00|ENJAMBRE|Expediente listo para PSC (NOM-151). Hash: df836ac3ab519b4c...|FOLIO=5204160405358537|HASH=ff99de40b8b5456f135095c34583157b8d7dec831a566305c2bae6237fe8972d
2026-09-04T13:35:16.363240+00:00|ENJAMBRE|ALERTA: Ciclo no validado. Auto-sanación en siguiente ciclo.|FOLIO=5204160405358537|HASH=a8d6dfffe8b807a2eb398324bb991c03f31fd472592bcd7c88a29cc0e6a6153f
2026-09-04T13:35:37.623033+00:00|CUSTODIO|Blockchain OK. Registro SafeCreative OK.|FOLIO=5204160405358537|HASH=f75d61097324b9fc50a8ac6a2c12d65f9c78e9760ff11b7e48d29f9a207c41d6
2026-09-04T13:35:37.623675+00:00|ESCRIBA|Manifiesto KRONOS-TRACE-5204160405358537-fc07af10df8165c4 - Regla 51/49|FOLIO=5204160405358537|HASH=7a3822e85086d904473e6a3565b21096b1e4f325619ff66c4a7f4b2a779d549b
2026-09-04T13:35:37.623947+00:00|NOTARIO|Expediente sellado con código 3327|FOLIO=5204160405358537|HASH=67f0dfebba6e8b01f598df5b39cfb2644e82d1a5507ae4b909a9e233204387a7
2026-09-04T13:35:37.624187+00:00|DEFENSOR|Anti-scraping OK - Hash KRONOS-T...|FOLIO=5204160405358537|HASH=5ba7ef0dc88fa0bcfc142de4037d6d8b4c6d03b9a86a93efb6de1a139d722b87
2026-09-04T13:35:37.624417+00:00|JUEZ|Ciclo 1 - ALERTA: Regla del 8 no cumple|FOLIO=5204160405358537|HASH=471e9cb17013b0244761d9bc124088c41713c5abe8dc6210e4181cc755a47ae1
2026-09-04T13:35:37.625136+00:00|ENJAMBRE|Expediente listo para PSC (NOM-151). Hash: c721b5a2c95f880b...|FOLIO=5204160405358537|HASH=0aa8fe025df2a5d562fafbccf3e3389e3c9f04a4388f15e4917206bdcf151b31
2026-09-04T13:35:37.625399+00:00|ENJAMBRE|ALERTA: Ciclo no validado. Auto-sanación en siguiente ciclo.|FOLIO=5204160405358537|HASH=7f5eb9ede0a6cd398a0ddb1e2047364bf611bd69964595ac0f3be171b9d16237
2026-09-04T13:40:37.625933+00:00|CUSTODIO|Blockchain OK. Registro SafeCreative OK.|FOLIO=5204160405358537|HASH=4a98c42131b61fae40e1fd14948426c03c8ec38f0f7156238f784241d2d849c7
2026-09-04T13:40:37.626100+00:00|ESCRIBA|Manifiesto KRONOS-TRACE-5204160405358537-20a14f3cbcb48c53 - Regla 51/49|FOLIO=5204160405358537|HASH=57c223e4ddb64da23106aae2352c80ccd02bca48214700f6e6cd4a7602adbcf0
2026-09-04T13:40:37.626224+00:00|NOTARIO|Expediente sellado con código 3327|FOLIO=5204160405358537|HASH=ac1c54ef2f0acc2efc2eacd8100e8b0ef5b06d51e45e94152862e8b0f529899e
2026-09-04T13:40:37.626317+00:00|DEFENSOR|Anti-scraping OK - Hash KRONOS-T...|FOLIO=5204160405358537|HASH=c7cd81a735bbad1bab05a6e701b485307fbe30b9fc57a61df569c4246743f68b
2026-09-04T13:40:37.626406+00:00|JUEZ|Ciclo 2 - ALERTA: Regla del 8 no cumple|FOLIO=5204160405358537|HASH=68c53531062d7e0ee6986a005e6bacfbc65bf4e9c0b3a9f16448ee3be5372e69
2026-09-04T13:40:37.626777+00:00|ENJAMBRE|Expediente listo para PSC (NOM-151). Hash: da64f81a4dceddc5...|FOLIO=5204160405358537|HASH=313ea754827e294a089e59d5648020c9f737633f0f0f60f8f30bd1c348fed37d
2026-09-04T13:40:37.626909+00:00|ENJAMBRE|ALERTA: Ciclo no validado. Auto-sanación en siguiente ciclo.|FOLIO=5204160405358537|HASH=68262f5d58657479e019bf53587619b40a47e8f4de16de738daed8a98787e109
2026-09-04T13:45:37.627263+00:00|CUSTODIO|Blockchain OK. Registro SafeCreative OK.|FOLIO=5204160405358537|HASH=2ccff57a93f8e55b614faaf3bf3afe12613ea41cbb101dd62fba3822a51656df
2026-09-04T13:45:37.627450+00:00|ESCRIBA|Manifiesto KRONOS-TRACE-5204160405358537-d52f8bc65b4ebfb6 - Regla 51/49|FOLIO=5204160405358537|HASH=4dc7cdb258eb159a9b12b0fa213274a6e4a37b482e5324f92821590d2348d9dd
2026-09-04T13:45:37.627602+00:00|NOTARIO|Expediente sellado con código 3327|FOLIO=5204160405358537|HASH=a766b498af8f2f284c63e72c2c6e02e894ffe5e1ecabeae6a0f6110e07b245d0
2026-09-04T13:45:37.627705+00:00|DEFENSOR|Anti-scraping OK - Hash KRONOS-T...|FOLIO=5204160405358537|HASH=108e4e0c54944abfd220658f0c8ff7f35d387e53c85cc7e667c3a28ff8d7f067
2026-09-04T13:45:37.628026+00:00|JUEZ|Ciclo 3 - ALERTA: Regla del 8 no cumple|FOLIO=5204160405358537|HASH=00964806b03b23f25e14c82278cef85e4c1ac944ef10c658d36c8256d2d6d18d
2026-09-04T13:45:37.628587+00:00|ENJAMBRE|Expediente listo para PSC (NOM-151). Hash: 3bd5ff047ce9765f...|FOLIO=5204160405358537|HASH=5c6a386a5038ce3c0d142ec9e8898dd524b16c42e10ba105fa68c56b5e9397a7
2026-09-04T13:45:37.628758+00:00|ENJAMBRE|ALERTA: Ciclo no validado. Auto-sanación en siguiente ciclo.|FOLIO=5204160405358537|HASH=c2485f50252dc0a7046dbf52f08581233521680b797c5bab52ee3515affd8315
2026-09-04T13:50:37.629233+00:00|CUSTODIO|Blockchain OK. Registro SafeCreative OK.|FOLIO=5204160405358537|HASH=5436db330ee42cd4c21ed10ecafb5e7874c2417528a8b0952df6de65ddcbba67
2026-09-04T13:50:37.629421+00:00|ESCRIBA|Manifiesto KRONOS-TRACE-5204160405358537-119baa7b7e0e44e2 - Regla 51/49|FOLIO=5204160405358537|HASH=72cdfe82d765839372d1b614aba10a33de0e721dec17c9215fff11286ba0f683
2026-09-04T13:50:37.629571+00:00|NOTARIO|Expediente sellado con código 3327|FOLIO=5204160405358537|HASH=8995178c224dcc13f3ea47ff84db64f91440d11a3bc91e2d08eb943af23313bf
2026-09-04T13:50:37.629674+00:00|DEFENSOR|Anti-scraping OK - Hash KRONOS-T...|FOLIO=5204160405358537|HASH=65543073b42d071e0c6f4bcf7b117bb077cc12bfe1fa166e4828e96dcd55804a
2026-09-04T13:50:37.629791+00:00|JUEZ|Ciclo 4 - ALERTA: Regla del 8 no cumple|FOLIO=5204160405358537|HASH=b315b99c2b8d5b9949620a3b49bb9a272db7d6a0f69c07167c7c67ed52bdf10e
2026-09-04T13:50:37.630210+00:00|ENJAMBRE|Expediente listo para PSC (NOM-151). Hash: 894702c151018917...|FOLIO=5204160405358537|HASH=861237a995772a33fcb260d8038086a716881508e78e5d58023f1162b14b6a43
2026-09-04T13:50:37.630315+00:00|ENJAMBRE|ALERTA: Ciclo no validado. Auto-sanación en siguiente ciclo.|FOLIO=5204160405358537|HASH=329b62a0586c3e6b0def39b54156736d4274b10a06bd29bb6e435d6b6746d839
2026-09-04T13:55:37.630703+00:00|CUSTODIO|Blockchain OK. Registro SafeCreative OK.|FOLIO=5204160405358537|HASH=52ded5df52e7ad81efbdeba6ee805ffb9b73d522015c64265cd2761a36c3faf6
2026-09-04T13:55:37.630956+00:00|ESCRIBA|Manifiesto KRONOS-TRACE-5204160405358537-7edc9d2f195c87a1 - Regla 51/49|FOLIO=5204160405358537|HASH=cb0b7869c6ca237eb243e36ffd149d2bbb511f95217fb208504fed8f40dc8dc9
2026-09-04T13:55:37.631133+00:00|NOTARIO|Expediente sellado con código 3327|FOLIO=5204160405358537|HASH=21f60bbedd50a61239150d091a3a0c1b11509a6ad5f9fff2f5db07f84a6a37dc
2026-09-04T13:55:37.631266+00:00|DEFENSOR|Anti-scraping OK - Hash KRONOS-T...|FOLIO=5204160405358537|HASH=8ba3858880e21a4ac0590f5f5c9ebb11defc7ea54284613e29dc1fcb4f08bcd8
2026-09-04T13:55:37.631555+00:00|JUEZ|Ciclo 5 - ALERTA: Regla del 8 no cumple|FOLIO=5204160405358537|HASH=34273c86af300920099ded1baa3a46f2ef0ed87b8b8eaad2433399e87de83991
2026-09-04T13:55:37.631997+00:00|ENJAMBRE|Expediente listo para PSC (NOM-151). Hash: b1cb77bd3f0cd766...|FOLIO=5204160405358537|HASH=fad902b77c0b336ac1c0133ba1691eec9c2ef8881b07247a851384df23e73016
2026-09-04T13:55:37.632110+00:00|ENJAMBRE|ALERTA: Ciclo no validado. Auto-sanación en siguiente ciclo.|FOLIO=5204160405358537|HASH=b23e0a4ab3c87849962c902c975315b63e2ca9c0a9a2714224547c118b97fb9f
2026-09-04T14:00:37.632486+00:00|CUSTODIO|Blockchain OK. Registro SafeCreative OK.|FOLIO=5204160405358537|HASH=9853e5f91f427d468bc6062a8cff7098c7c18badbceb37fd5eae0ed15d2fdfeb
2026-09-04T14:00:37.632672+00:00|ESCRIBA|Manifiesto KRONOS-TRACE-5204160405358537-cfad9d0129eb2e10 - Regla 51/49|FOLIO=5204160405358537|HASH=4594227297779a81cbabb00d84fec052e1b363a841fbe0b062d8d64529646310
2026-09-04T14:00:37.632866+00:00|NOTARIO|Expediente sellado con código 3327|FOLIO=5204160405358537|HASH=9701f6b86ed23e4678052426ea97a47e4b6b4b2f1eba796a48aa3e40c09e1837
2026-09-04T14:00:37.632983+00:00|DEFENSOR|Anti-scraping OK - Hash KRONOS-T...|FOLIO=5204160405358537|HASH=c411fbbc0211b34435725a18cdfcd772fd18e33067d6a90a965f8ea066efef73
2026-09-04T14:00:37.633081+00:00|JUEZ|Ciclo 6 - ALERTA: Regla del 8 no cumple|FOLIO=5204160405358537|HASH=bc73b63de349ee073acddc977ac8ffd9e8e565f306654a375010a892c588bca4
2026-09-04T14:00:37.633528+00:00|ENJAMBRE|Expediente listo para PSC (NOM-151). Hash: 075d1ae08d5a0279...|FOLIO=5204160405358537|HASH=9fbe81a350b1911ce1e16396b01768804676284a2c21a13586568f6711071582
2026-09-04T14:00:37.633627+00:00|ENJAMBRE|ALERTA: Ciclo no validado. Auto-sanación en siguiente ciclo.|FOLIO=5204160405358537|HASH=aebc28849c215415d63ddf5123fb9245c768969d26ae04038337b13767317420
2026-09-04T14:05:37.634148+00:00|CUSTODIO|Blockchain OK. Registro SafeCreative OK.|FOLIO=5204160405358537|HASH=bb79d1f865a65f9e4ca9f25e9fd5007898c821c84b5f83db988c16f4c884a3fb
2026-09-04T14:05:37.634341+00:00|ESCRIBA|Manifiesto KRONOS-TRACE-5204160405358537-762614f31a8ecd9e - Regla 51/49|FOLIO=5204160405358537|HASH=3a4f242d2bdad8abd8fac3d9c075f5765984dc7941e91475b21aa5bd1545ca3e
2026-09-04T14:05:37.634508+00:00|NOTARIO|Expediente sellado con código 3327|FOLIO=5204160405358537|HASH=b729fc820523fa795393c01607db859a8f12c294594d85443809ffd193933475
2026-09-04T14:05:37.634616+00:00|DEFENSOR|Anti-scraping OK - Hash KRONOS-T...|FOLIO=5204160405358537|HASH=fccac563ba2ebc256068d70a80233bc99c9d84cd512bf1b68c1f0bd96f764177
2026-09-04T14:05:37.634713+00:00|JUEZ|Ciclo 7 - ALERTA: Regla del 8 no cumple|FOLIO=5204160405358537|HASH=e29fcde08cba8caaaecf1fc62408afbaf32d0af3ed4d079df553aa2b415afd9e
2026-09-04T14:05:37.635147+00:00|ENJAMBRE|Expediente listo para PSC (NOM-151). Hash: f5a6ccec662fdb77...|FOLIO=5204160405358537|HASH=5dd662011f8a25c84f00d468521ed7399542be8eb90aeb69d549234477c63330
2026-09-04T14:05:37.635256+00:00|ENJAMBRE|ALERTA: Ciclo no validado. Auto-sanación en siguiente ciclo.|FOLIO=5204160405358537|HASH=4ecf771ae00cb149724be134d9e9efe326658a8a58bfcdca3c9c8ffba3eff6f8
2026-09-04T14:10:37.635613+00:00|CUSTODIO|Blockchain OK. Registro SafeCreative OK.|FOLIO=5204160405358537|HASH=83df238d55a7ac07c6ee9922efe5ddb43d2af37aaaad73da6bec2604511feb9f
2026-09-04T14:10:37.635801+00:00|ESCRIBA|Manifiesto KRONOS-TRACE-5204160405358537-c539eb859e06b481 - Regla 51/49|FOLIO=5204160405358537|HASH=c3e576be87afb0345694c47ab4a8cc01110349ebe3eed82fb57a39190f98877e
2026-09-04T14:10:37.636192+00:00|NOTARIO|Expediente sellado con código 3327|FOLIO=5204160405358537|HASH=0d6826fa8979cbd01896103595f4786754467a46537221a54a6745821035f0f1
2026-09-04T14:10:37.636438+00:00|DEFENSOR|Anti-scraping OK - Hash KRONOS-T...|FOLIO=5204160405358537|HASH=51022d875b1bd6d2a1e523ac1898ede37cee9487729514d7de23655494e6366f
2026-09-04T14:10:37.636595+00:00|JUEZ|Ciclo 8 - VALIDADO por el 8|FOLIO=5204160405358537|HASH=7c0ee147eb7523dd384d41bf26d5f4b6431395f3c175f04e7f21173f9e974ec7
2026-09-04T14:10:37.637177+00:00|ENJAMBRE|Expediente listo para PSC (NOM-151). Hash: 77abc3e95a3d63bc...|FOLIO=5204160405358537|HASH=77902951bf8a65f31b2bbe524e91fc09516e22d1adf05ffb4207fb3fec87d368
2026-09-04T14:10:37.637294+00:00|ENJAMBRE|Ciclo 8 - Sello 3327 confirmado|FOLIO=5204160405358537|HASH=f06c920ef21760853da76b46bf8b635f1825eff9d49d2f2614a3b327d275feea
2026-09-04T14:15:37.637687+00:00|CUSTODIO|Blockchain OK. Registro SafeCreative OK.|FOLIO=5204160405358537|HASH=9632f6e3188bd965590d301cb16aa6669900e3f551c671917b01572e93fb880d
2026-09-04T14:15:37.637905+00:00|ESCRIBA|Manifiesto KRONOS-TRACE-5204160405358537-fd93983d3f484ac2 - Regla 51/49|FOLIO=5204160405358537|HASH=9e90fc0b5f4bae3b77915a3a81b3ffbbd87e316ca01ec3079253cc1d0e30c214
2026-09-04T14:15:37.638058+00:00|NOTARIO|Expediente sellado con código 3327|FOLIO=5204160405358537|HASH=421bb2bbf390cecbf4f33b3deb8641735fa021dcb7b0d5b4beaacd7e19399df3
2026-09-04T14:15:37.638164+00:00|DEFENSOR|Anti-scraping OK - Hash KRONOS-T...|FOLIO=5204160405358537|HASH=5d05da93a071372de5cf73b0b29f3396e8fd39061a1f10021b32c9cf3e08a784
2026-09-04T14:15:37.638280+00:00|JUEZ|Ciclo 9 - ALERTA: Regla del 8 no cumple|FOLIO=5204160405358537|HASH=7d13ee5be1d882319f6fc1ed0984b8f8e530b01713325dcb0918603b6c308fc0
2026-09-04T14:15:37.638724+00:00|ENJAMBRE|Expediente listo para PSC (NOM-151). Hash: 5d7e3a63f6c05554...|FOLIO=5204160405358537|HASH=12950780a405383db605597fdaa7ef4e1369277978c8f50dcb8135dae27efa81
2026-09-04T14:15:37.638856+00:00|ENJAMBRE|ALERTA: Ciclo no validado. Auto-sanación en siguiente ciclo.|FOLIO=5204160405358537|HASH=f045ade4da94688e52c5a7879954e62f7d3f8d0d7472d832443cb5e3625794fc
2026-09-04T14:20:37.639201+00:00|CUSTODIO|Blockchain OK. Registro SafeCreative OK.|FOLIO=5204160405358537|HASH=697b3a8bdc9489b8ac4c65f1adab9f4fee679bfd9cd00313483904e4bd36d1dc
2026-09-04T14:20:37.639401+00:00|ESCRIBA|Manifiesto KRONOS-TRACE-5204160405358537-0e082179a29ba284 - Regla 51/49|FOLIO=5204160405358537|HASH=f27ba5e737b68c252e2e9d9dcc7261f90ebe3b2e206370b98318a5763704bb09
2026-09-04T14:20:37.639555+00:00|NOTARIO|Expediente sellado con código 3327|FOLIO=5204160405358537|HASH=0db13390448ceefcb5a9f3867f5ffa60a0c207bee3e0859a621c13bdea2cf6ab
2026-09-04T14:20:37.639677+00:00|DEFENSOR|Anti-scraping OK - Hash KRONOS-T...|FOLIO=5204160405358537|HASH=7d5e5281426b8cf987e7c53703933e5c6512d18f17334a5cedb2b87ee2c2d4c4
2026-09-04T14:20:37.639846+00:00|JUEZ|Ciclo 10 - ALERTA: Regla del 8 no cumple|FOLIO=5204160405358537|HASH=35feafcdd162ccb0965403d02f1242db22f42e8f0a72c6885309db4522c7d828
2026-09-04T14:20:37.640300+00:00|ENJAMBRE|Expediente listo para PSC (NOM-151). Hash: 51aad4aa486956bf...|FOLIO=5204160405358537|HASH=dea38b5a66121bcc414597cc5d89df66b5f3b77ea75ddec72decd3f80dba3a30
2026-09-04T14:20:37.640394+00:00|ENJAMBRE|ALERTA: Ciclo no validado. Auto-sanación en siguiente ciclo.|FOLIO=5204160405358537|HASH=39b5bc02979af7d7c6bb174dc3822a9f3713a3b721531b4db46a7cf1d1943e60
